<testsuites id="" name="" tests="4" failures="0" skipped="4" errors="0" time="47.842022">
<testsuite name="basicPlaywright.spec.ts" timestamp="2026-04-08T14:49:30.459Z" hostname="chromium" tests="2" failures="0" skipped="2" time="46.62" errors="0">
<testcase name="How to interact with list of elements" classname="basicPlaywright.spec.ts">
<skipped>
</skipped>
</testcase>
<testcase name="How used expect and the diferente methods to do the validations" classname="basicPlaywright.spec.ts">
<skipped>
</skipped>
</testcase>
</testsuite>
<testsuite name="basicPlaywright.spec.ts" timestamp="2026-04-08T14:49:30.459Z" hostname="firefox" tests="2" failures="0" skipped="2" time="0" errors="0">
<testcase name="How to interact with list of elements" classname="basicPlaywright.spec.ts">
<skipped>
</skipped>
</testcase>
<testcase name="How used expect and the diferente methods to do the validations" classname="basicPlaywright.spec.ts">
<skipped>
</skipped>
</testcase>
</testsuite>
</testsuites>